  Determining projects to restore...
D:\HWZN_Work\Alkara\api\api.csproj : warning NU1603: api depends on Pomelo.EntityFrameworkCore.MySql (>= 9.0.0-preview.2.final) but Pomelo.EntityFrameworkCore.MySql 9.0.0-preview.2.final was not found. Pomelo.EntityFrameworkCore.MySql 9.0.0-preview.3.efcore.9.0.0 was resolved instead.
  All projects are up-to-date for restore.
D:\HWZN_Work\Alkara\api\api.csproj : warning NU1603: api depends on Pomelo.EntityFrameworkCore.MySql (>= 9.0.0-preview.2.final) but Pomelo.EntityFrameworkCore.MySql 9.0.0-preview.2.final was not found. Pomelo.EntityFrameworkCore.MySql 9.0.0-preview.3.efcore.9.0.0 was resolved instead.
C:\Program Files\dotnet\sdk\9.0.305\Microsoft.Common.CurrentVersion.targets(5394,5): warning MSB3026: Could not copy "D:\HWZN_Work\Alkara\api\obj\Debug\net9.0\apphost.exe" to "bin\Debug\net9.0\api.exe". Beginning retry 1 in 1000ms. The process cannot access the file 'D:\HWZN_Work\Alkara\api\bin\Debug\net9.0\api.exe' because it is being used by another process. The file is locked by: "api (31240)" [D:\HWZN_Work\Alkara\api\api.csproj]
C:\Program Files\dotnet\sdk\9.0.305\Microsoft.Common.CurrentVersion.targets(5394,5): warning MSB3026: Could not copy "D:\HWZN_Work\Alkara\api\obj\Debug\net9.0\apphost.exe" to "bin\Debug\net9.0\api.exe". Beginning retry 2 in 1000ms. The process cannot access the file 'D:\HWZN_Work\Alkara\api\bin\Debug\net9.0\api.exe' because it is being used by another process. The file is locked by: "api (31240)" [D:\HWZN_Work\Alkara\api\api.csproj]
C:\Program Files\dotnet\sdk\9.0.305\Microsoft.Common.CurrentVersion.targets(5394,5): warning MSB3026: Could not copy "D:\HWZN_Work\Alkara\api\obj\Debug\net9.0\apphost.exe" to "bin\Debug\net9.0\api.exe". Beginning retry 3 in 1000ms. The process cannot access the file 'D:\HWZN_Work\Alkara\api\bin\Debug\net9.0\api.exe' because it is being used by another process. The file is locked by: "api (31240)" [D:\HWZN_Work\Alkara\api\api.csproj]
C:\Program Files\dotnet\sdk\9.0.305\Microsoft.Common.CurrentVersion.targets(5394,5): warning MSB3026: Could not copy "D:\HWZN_Work\Alkara\api\obj\Debug\net9.0\apphost.exe" to "bin\Debug\net9.0\api.exe". Beginning retry 4 in 1000ms. The process cannot access the file 'D:\HWZN_Work\Alkara\api\bin\Debug\net9.0\api.exe' because it is being used by another process. The file is locked by: "api (31240)" [D:\HWZN_Work\Alkara\api\api.csproj]
C:\Program Files\dotnet\sdk\9.0.305\Microsoft.Common.CurrentVersion.targets(5394,5): warning MSB3026: Could not copy "D:\HWZN_Work\Alkara\api\obj\Debug\net9.0\apphost.exe" to "bin\Debug\net9.0\api.exe". Beginning retry 5 in 1000ms. The process cannot access the file 'D:\HWZN_Work\Alkara\api\bin\Debug\net9.0\api.exe' because it is being used by another process. The file is locked by: "api (31240)" [D:\HWZN_Work\Alkara\api\api.csproj]
C:\Program Files\dotnet\sdk\9.0.305\Microsoft.Common.CurrentVersion.targets(5394,5): warning MSB3026: Could not copy "D:\HWZN_Work\Alkara\api\obj\Debug\net9.0\apphost.exe" to "bin\Debug\net9.0\api.exe". Beginning retry 6 in 1000ms. The process cannot access the file 'D:\HWZN_Work\Alkara\api\bin\Debug\net9.0\api.exe' because it is being used by another process. The file is locked by: "api (31240)" [D:\HWZN_Work\Alkara\api\api.csproj]
C:\Program Files\dotnet\sdk\9.0.305\Microsoft.Common.CurrentVersion.targets(5394,5): warning MSB3026: Could not copy "D:\HWZN_Work\Alkara\api\obj\Debug\net9.0\apphost.exe" to "bin\Debug\net9.0\api.exe". Beginning retry 7 in 1000ms. The process cannot access the file 'D:\HWZN_Work\Alkara\api\bin\Debug\net9.0\api.exe' because it is being used by another process. The file is locked by: "api (31240)" [D:\HWZN_Work\Alkara\api\api.csproj]
C:\Program Files\dotnet\sdk\9.0.305\Microsoft.Common.CurrentVersion.targets(5394,5): warning MSB3026: Could not copy "D:\HWZN_Work\Alkara\api\obj\Debug\net9.0\apphost.exe" to "bin\Debug\net9.0\api.exe". Beginning retry 8 in 1000ms. The process cannot access the file 'D:\HWZN_Work\Alkara\api\bin\Debug\net9.0\api.exe' because it is being used by another process. The file is locked by: "api (31240)" [D:\HWZN_Work\Alkara\api\api.csproj]
C:\Program Files\dotnet\sdk\9.0.305\Microsoft.Common.CurrentVersion.targets(5394,5): warning MSB3026: Could not copy "D:\HWZN_Work\Alkara\api\obj\Debug\net9.0\apphost.exe" to "bin\Debug\net9.0\api.exe". Beginning retry 9 in 1000ms. The process cannot access the file 'D:\HWZN_Work\Alkara\api\bin\Debug\net9.0\api.exe' because it is being used by another process. The file is locked by: "api (31240)" [D:\HWZN_Work\Alkara\api\api.csproj]
C:\Program Files\dotnet\sdk\9.0.305\Microsoft.Common.CurrentVersion.targets(5394,5): warning MSB3026: Could not copy "D:\HWZN_Work\Alkara\api\obj\Debug\net9.0\apphost.exe" to "bin\Debug\net9.0\api.exe". Beginning retry 10 in 1000ms. The process cannot access the file 'D:\HWZN_Work\Alkara\api\bin\Debug\net9.0\api.exe' because it is being used by another process. The file is locked by: "api (31240)" [D:\HWZN_Work\Alkara\api\api.csproj]
C:\Program Files\dotnet\sdk\9.0.305\Microsoft.Common.CurrentVersion.targets(5394,5): error MSB3027: Could not copy "D:\HWZN_Work\Alkara\api\obj\Debug\net9.0\apphost.exe" to "bin\Debug\net9.0\api.exe". Exceeded retry count of 10. Failed. The file is locked by: "api (31240)" [D:\HWZN_Work\Alkara\api\api.csproj]
C:\Program Files\dotnet\sdk\9.0.305\Microsoft.Common.CurrentVersion.targets(5394,5): error MSB3021: Unable to copy file "D:\HWZN_Work\Alkara\api\obj\Debug\net9.0\apphost.exe" to "bin\Debug\net9.0\api.exe". The process cannot access the file 'D:\HWZN_Work\Alkara\api\bin\Debug\net9.0\api.exe' because it is being used by another process. [D:\HWZN_Work\Alkara\api\api.csproj]

Build FAILED.

D:\HWZN_Work\Alkara\api\api.csproj : warning NU1603: api depends on Pomelo.EntityFrameworkCore.MySql (>= 9.0.0-preview.2.final) but Pomelo.EntityFrameworkCore.MySql 9.0.0-preview.2.final was not found. Pomelo.EntityFrameworkCore.MySql 9.0.0-preview.3.efcore.9.0.0 was resolved instead.
D:\HWZN_Work\Alkara\api\api.csproj : warning NU1603: api depends on Pomelo.EntityFrameworkCore.MySql (>= 9.0.0-preview.2.final) but Pomelo.EntityFrameworkCore.MySql 9.0.0-preview.2.final was not found. Pomelo.EntityFrameworkCore.MySql 9.0.0-preview.3.efcore.9.0.0 was resolved instead.
C:\Program Files\dotnet\sdk\9.0.305\Microsoft.Common.CurrentVersion.targets(5394,5): warning MSB3026: Could not copy "D:\HWZN_Work\Alkara\api\obj\Debug\net9.0\apphost.exe" to "bin\Debug\net9.0\api.exe". Beginning retry 1 in 1000ms. The process cannot access the file 'D:\HWZN_Work\Alkara\api\bin\Debug\net9.0\api.exe' because it is being used by another process. The file is locked by: "api (31240)" [D:\HWZN_Work\Alkara\api\api.csproj]
C:\Program Files\dotnet\sdk\9.0.305\Microsoft.Common.CurrentVersion.targets(5394,5): warning MSB3026: Could not copy "D:\HWZN_Work\Alkara\api\obj\Debug\net9.0\apphost.exe" to "bin\Debug\net9.0\api.exe". Beginning retry 2 in 1000ms. The process cannot access the file 'D:\HWZN_Work\Alkara\api\bin\Debug\net9.0\api.exe' because it is being used by another process. The file is locked by: "api (31240)" [D:\HWZN_Work\Alkara\api\api.csproj]
C:\Program Files\dotnet\sdk\9.0.305\Microsoft.Common.CurrentVersion.targets(5394,5): warning MSB3026: Could not copy "D:\HWZN_Work\Alkara\api\obj\Debug\net9.0\apphost.exe" to "bin\Debug\net9.0\api.exe". Beginning retry 3 in 1000ms. The process cannot access the file 'D:\HWZN_Work\Alkara\api\bin\Debug\net9.0\api.exe' because it is being used by another process. The file is locked by: "api (31240)" [D:\HWZN_Work\Alkara\api\api.csproj]
C:\Program Files\dotnet\sdk\9.0.305\Microsoft.Common.CurrentVersion.targets(5394,5): warning MSB3026: Could not copy "D:\HWZN_Work\Alkara\api\obj\Debug\net9.0\apphost.exe" to "bin\Debug\net9.0\api.exe". Beginning retry 4 in 1000ms. The process cannot access the file 'D:\HWZN_Work\Alkara\api\bin\Debug\net9.0\api.exe' because it is being used by another process. The file is locked by: "api (31240)" [D:\HWZN_Work\Alkara\api\api.csproj]
C:\Program Files\dotnet\sdk\9.0.305\Microsoft.Common.CurrentVersion.targets(5394,5): warning MSB3026: Could not copy "D:\HWZN_Work\Alkara\api\obj\Debug\net9.0\apphost.exe" to "bin\Debug\net9.0\api.exe". Beginning retry 5 in 1000ms. The process cannot access the file 'D:\HWZN_Work\Alkara\api\bin\Debug\net9.0\api.exe' because it is being used by another process. The file is locked by: "api (31240)" [D:\HWZN_Work\Alkara\api\api.csproj]
C:\Program Files\dotnet\sdk\9.0.305\Microsoft.Common.CurrentVersion.targets(5394,5): warning MSB3026: Could not copy "D:\HWZN_Work\Alkara\api\obj\Debug\net9.0\apphost.exe" to "bin\Debug\net9.0\api.exe". Beginning retry 6 in 1000ms. The process cannot access the file 'D:\HWZN_Work\Alkara\api\bin\Debug\net9.0\api.exe' because it is being used by another process. The file is locked by: "api (31240)" [D:\HWZN_Work\Alkara\api\api.csproj]
C:\Program Files\dotnet\sdk\9.0.305\Microsoft.Common.CurrentVersion.targets(5394,5): warning MSB3026: Could not copy "D:\HWZN_Work\Alkara\api\obj\Debug\net9.0\apphost.exe" to "bin\Debug\net9.0\api.exe". Beginning retry 7 in 1000ms. The process cannot access the file 'D:\HWZN_Work\Alkara\api\bin\Debug\net9.0\api.exe' because it is being used by another process. The file is locked by: "api (31240)" [D:\HWZN_Work\Alkara\api\api.csproj]
C:\Program Files\dotnet\sdk\9.0.305\Microsoft.Common.CurrentVersion.targets(5394,5): warning MSB3026: Could not copy "D:\HWZN_Work\Alkara\api\obj\Debug\net9.0\apphost.exe" to "bin\Debug\net9.0\api.exe". Beginning retry 8 in 1000ms. The process cannot access the file 'D:\HWZN_Work\Alkara\api\bin\Debug\net9.0\api.exe' because it is being used by another process. The file is locked by: "api (31240)" [D:\HWZN_Work\Alkara\api\api.csproj]
C:\Program Files\dotnet\sdk\9.0.305\Microsoft.Common.CurrentVersion.targets(5394,5): warning MSB3026: Could not copy "D:\HWZN_Work\Alkara\api\obj\Debug\net9.0\apphost.exe" to "bin\Debug\net9.0\api.exe". Beginning retry 9 in 1000ms. The process cannot access the file 'D:\HWZN_Work\Alkara\api\bin\Debug\net9.0\api.exe' because it is being used by another process. The file is locked by: "api (31240)" [D:\HWZN_Work\Alkara\api\api.csproj]
C:\Program Files\dotnet\sdk\9.0.305\Microsoft.Common.CurrentVersion.targets(5394,5): warning MSB3026: Could not copy "D:\HWZN_Work\Alkara\api\obj\Debug\net9.0\apphost.exe" to "bin\Debug\net9.0\api.exe". Beginning retry 10 in 1000ms. The process cannot access the file 'D:\HWZN_Work\Alkara\api\bin\Debug\net9.0\api.exe' because it is being used by another process. The file is locked by: "api (31240)" [D:\HWZN_Work\Alkara\api\api.csproj]
C:\Program Files\dotnet\sdk\9.0.305\Microsoft.Common.CurrentVersion.targets(5394,5): error MSB3027: Could not copy "D:\HWZN_Work\Alkara\api\obj\Debug\net9.0\apphost.exe" to "bin\Debug\net9.0\api.exe". Exceeded retry count of 10. Failed. The file is locked by: "api (31240)" [D:\HWZN_Work\Alkara\api\api.csproj]
C:\Program Files\dotnet\sdk\9.0.305\Microsoft.Common.CurrentVersion.targets(5394,5): error MSB3021: Unable to copy file "D:\HWZN_Work\Alkara\api\obj\Debug\net9.0\apphost.exe" to "bin\Debug\net9.0\api.exe". The process cannot access the file 'D:\HWZN_Work\Alkara\api\bin\Debug\net9.0\api.exe' because it is being used by another process. [D:\HWZN_Work\Alkara\api\api.csproj]
    12 Warning(s)
    2 Error(s)

Time Elapsed 00:00:15.84
